#
# There is insufficient memory for the Java Runtime Environment to continue.
# Native memory allocation (mmap) failed to map 96468992 bytes. Error detail: G1 virtual space
# Possible reasons:
#   The system is out of physical RAM or swap space
#   This process is running with CompressedOops enabled, and the Java Heap may be blocking the growth of the native heap
# Possible solutions:
#   Reduce memory load on the system
#   Increase physical memory or swap space
#   Check if swap backing store is full
#   Decrease Java heap size (-Xmx/-Xms)
#   Decrease number of Java threads
#   Decrease Java thread stack sizes (-Xss)
#   Set larger code cache with -XX:ReservedCodeCacheSize=
#   JVM is running with Unscaled Compressed Oops mode in which the Java heap is
#     placed in the first 4GB address space. The Java Heap base address is the
#     maximum limit for the native heap growth. Please use -XX:HeapBaseMinAddress
#     to set the Java Heap base and to place the Java Heap above 4GB virtual address.
# This output file may be truncated or incomplete.
#
#  Out of Memory Error (os_windows.cpp:3554), pid=26432, tid=14752
#
# JRE version:  (25.0.1+8) (build )
# Java VM: Java HotSpot(TM) 64-Bit Server VM (25.0.1+8-LTS-27, mixed mode, sharing, tiered, compressed oops, compressed class ptrs, g1 gc, windows-amd64)
# No core dump will be written. Minidumps are not enabled by default on client versions of Windows
#

---------------  S U M M A R Y ------------

Command Line: simandi.ui.jframes.login

Host: AMD Ryzen 3 7320U with Radeon Graphics         , 8 cores, 5G,  Windows 11 , 64 bit Build 26100 (10.0.26100.8328)
Time: Tue May 19 13:08:45 2026 SE Asia Standard Time elapsed time: 3.071425 seconds (0d 0h 0m 3s)

---------------  T H R E A D  ---------------

Current thread (0x000002f67a76b700):  JavaThread "Unknown thread" [_thread_in_vm, id=14752, stack(0x000000fffb800000,0x000000fffb900000) (1024K)]

Stack: [0x000000fffb800000,0x000000fffb900000]
Native frames: (J=compiled Java code, j=interpreted, Vv=VM code, C=native code)
V  [jvm.dll+0x7a6b59]  (no source info available)
V  [jvm.dll+0x77290d]  (no source info available)
V  [jvm.dll+0x966153]  (no source info available)
V  [jvm.dll+0x968751]  (no source info available)
V  [jvm.dll+0x968e53]  (no source info available)
V  [jvm.dll+0x2fc756]  (no source info available)
V  [jvm.dll+0x7a2d85]  (no source info available)
V  [jvm.dll+0x796197]  (no source info available)
V  [jvm.dll+0x3f4698]  (no source info available)
V  [jvm.dll+0x3fc5b6]  (no source info available)
V  [jvm.dll+0x3e8c8e]  (no source info available)
V  [jvm.dll+0x3e8f48]  (no source info available)
V  [jvm.dll+0x3c0045]  (no source info available)
V  [jvm.dll+0x3c0cce]  (no source info available)
V  [jvm.dll+0x92c837]  (no source info available)
V  [jvm.dll+0x458bc2]  (no source info available)
V  [jvm.dll+0x9101e2]  (no source info available)
V  [jvm.dll+0x4f9061]  (no source info available)
V  [jvm.dll+0x4fa8f1]  (no source info available)
C  [jli.dll+0x543e]  (no source info available)
C  [ucrtbase.dll+0x37b0]  (no source info available)
C  [KERNEL32.DLL+0x2e957]  (no source info available)
C  [ntdll.dll+0x427c]  (no source info available)

Lock stack of current Java thread (top to bottom):


---------------  P R O C E S S  ---------------

Threads class SMR info:
_java_thread_list=0x00007ffa8d2c5308, length=0, elements={
}

Java Threads: ( => current thread )
Total: 0

Other Threads:
  0x000002f67a7af130 WorkerThread "GC Thread#0"                     [id=27476, stack(0x000000fffb900000,0x000000fffba00000) (1024K)]
  0x000002f67a7c15a0 ConcurrentGCThread "G1 Main Marker"            [id=17336, stack(0x000000fffba00000,0x000000fffbb00000) (1024K)]
  0x000002f67a7c7fe0 WorkerThread "G1 Conc#0"                       [id=16328, stack(0x000000fffbb00000,0x000000fffbc00000) (1024K)]

[error occurred during error reporting (printing all threads), id 0xc0000005, EXCEPTION_ACCESS_VIOLATION (0xc0000005) at pc=0x00007ffa8c9a4c2a]
VM state: not at safepoint (not fully initialized)

VM Mutex/Monitor currently owned by a thread:  ([mutex/lock_event])
[0x00007ffa8d349668] Heap_lock - owner thread: 0x000002f67a76b700

Heap address: 0x00000000a4200000, size: 1470 MB, Compressed Oops mode: 32-bit

CDS archive(s) mapped at: [0x0000000000000000-0x0000000000000000-0x0000000000000000), size 0, SharedBaseAddress: 0x0000000800000000, ArchiveRelocationMode: 1.
UseCompressedClassPointers 1, UseCompactObjectHeaders 0
Narrow klass pointer bits 32, Max shift 3
Narrow klass base: 0xffffffffffffffff, Narrow klass shift: -1
Encoding Range: [0xffffffffffffffff - 0x000000007fffffff), (2147483648 bytes)
Klass Range:    [0x0000000000000000 - 0x0000000000000000), (0 bytes)
Klass ID Range:  [4294967295 - 0) (1)
No protection zone.

GC Precious Log:
 CardTable entry size: 512
 Card Set container configuration: InlinePtr #cards 5 size 8 Array Of Cards #cards 10 size 36 Howl #buckets 4 coarsen threshold 1843 Howl Bitmap #cards 512 size 80 coarsen threshold 460 Card regions per heap region 1 cards per card region 2048

Heap:
 garbage-first heap   total reserved 1505280K, committed 0K, used 0K [0x00000000a4200000, 0x0000000100000000)
  region size 1024K, 0 young (0K), 0 survivors (0K)

Heap Regions: E=young(eden), S=young(survivor), O=old, HS=humongous(starts), HC=humongous(continues), CS=collection set, F=free, TAMS=top-at-mark-start, PB=parsable bottom

Card table byte_map: [0x000002f67ae40000,0x000002f67b120000] _byte_map_base: 0x000002f67a91f000

Marking Bits: (CMBitMap*) 0x000002f67a7af8c0
 Bits: [0x000002f67b120000, 0x000002f67c818000)

GC Heap Usage History (0 events):
No events

Metaspace Usage History (0 events):
No events

Dll operation events (1 events):
Event: 0.026 Loaded shared library C:\Program Files\Java\jdk-25\bin\java.dll

Deoptimization events (0 events):
No events

Classes loaded (0 events):
No events

Classes unloaded (0 events):
No events

Classes redefined (0 events):
No events

Internal exceptions (0 events):
No events

VM Operations (0 events):
No events

Memory protections (0 events):
No events

Nmethod flushes (0 events):
No events

Events (0 events):
No events


Dynamic libraries:
0x00007ff6ae040000 - 0x00007ff6ae050000 	C:\Program Files\Java\jdk-25\bin\java.exe
0x00007ffb38a00000 - 0x00007ffb38c67000 	C:\WINDOWS\SYSTEM32\ntdll.dll
0x00007ffaf4060000 - 0x00007ffaf4081000 	C:\Program Files\Avast Software\Avast\aswhook.dll
0x00007ffb38460000 - 0x00007ffb38529000 	C:\WINDOWS\System32\KERNEL32.DLL
0x00007ffb36040000 - 0x00007ffb36437000 	C:\WINDOWS\System32\KERNELBASE.dll
0x00007ffb364f0000 - 0x00007ffb3663b000 	C:\WINDOWS\System32\ucrtbase.dll
0x00007ffb28e40000 - 0x00007ffb28e57000 	C:\Program Files\Java\jdk-25\bin\jli.dll
0x00007ffb2adc0000 - 0x00007ffb2adde000 	C:\Program Files\Java\jdk-25\bin\VCRUNTIME140.dll
0x00007ffb378b0000 - 0x00007ffb37a76000 	C:\WINDOWS\System32\USER32.dll
0x00007ffb14f10000 - 0x00007ffb151a2000 	C:\WINDOWS\WinSxS\amd64_microsoft.windows.common-controls_6595b64144ccf1df_6.0.26100.8457_none_3e0b2faee331e92d\COMCTL32.dll
0x00007ffb35560000 - 0x00007ffb35587000 	C:\WINDOWS\System32\win32u.dll
0x00007ffb37c40000 - 0x00007ffb37ce9000 	C:\WINDOWS\System32\msvcrt.dll
0x00007ffb37130000 - 0x00007ffb3715b000 	C:\WINDOWS\System32\GDI32.dll
0x00007ffb35430000 - 0x00007ffb3555c000 	C:\WINDOWS\System32\gdi32full.dll
0x00007ffb366d0000 - 0x00007ffb36773000 	C:\WINDOWS\System32\msvcp_win.dll
0x00007ffb368b0000 - 0x00007ffb368e2000 	C:\WINDOWS\System32\IMM32.DLL
0x00007ffb32670000 - 0x00007ffb3267c000 	C:\Program Files\Java\jdk-25\bin\vcruntime140_1.dll
0x00007ffb27900000 - 0x00007ffb2798d000 	C:\Program Files\Java\jdk-25\bin\msvcp140.dll
0x00007ffa8c5d0000 - 0x00007ffa8d42f000 	C:\Program Files\Java\jdk-25\bin\server\jvm.dll
0x00007ffb37380000 - 0x00007ffb37436000 	C:\WINDOWS\System32\ADVAPI32.dll
0x00007ffb37b10000 - 0x00007ffb37bb7000 	C:\WINDOWS\System32\sechost.dll
0x00007ffb37210000 - 0x00007ffb37328000 	C:\WINDOWS\System32\RPCRT4.dll
0x00007ffb37440000 - 0x00007ffb374c0000 	C:\WINDOWS\System32\WS2_32.dll
0x00007ffb352b0000 - 0x00007ffb3530e000 	C:\WINDOWS\SYSTEM32\POWRPROF.dll
0x00007ffb2c0f0000 - 0x00007ffb2c126000 	C:\WINDOWS\SYSTEM32\WINMM.dll
0x00007ffb2b120000 - 0x00007ffb2b12b000 	C:\WINDOWS\SYSTEM32\VERSION.dll
0x00007ffb35290000 - 0x00007ffb352a4000 	C:\WINDOWS\SYSTEM32\UMPDC.dll
0x00007ffb341c0000 - 0x00007ffb341db000 	C:\WINDOWS\SYSTEM32\kernel.appcore.dll
0x00007ffb306c0000 - 0x00007ffb306ca000 	C:\Program Files\Java\jdk-25\bin\jimage.dll
0x00007ffb335d0000 - 0x00007ffb33812000 	C:\WINDOWS\SYSTEM32\DBGHELP.DLL
0x00007ffb38060000 - 0x00007ffb383e3000 	C:\WINDOWS\System32\combase.dll
0x00007ffb37530000 - 0x00007ffb37609000 	C:\WINDOWS\System32\OLEAUT32.dll
0x00007ffb1d190000 - 0x00007ffb1d1cb000 	C:\WINDOWS\SYSTEM32\dbgcore.DLL
0x00007ffb36440000 - 0x00007ffb364e8000 	C:\WINDOWS\System32\bcryptPrimitives.dll
0x00007ffb2ada0000 - 0x00007ffb2adbf000 	C:\Program Files\Java\jdk-25\bin\java.dll
0x00007ffb37710000 - 0x00007ffb378a7000 	C:\WINDOWS\System32\ole32.dll
0x00007ffb369b0000 - 0x00007ffb3711e000 	C:\WINDOWS\System32\SHELL32.dll

JVMTI agents: none

dbghelp: loaded successfully - version: 4.0.5 - missing functions: none
symbol engine: initialized successfully - sym options: 0x614 - pdb path: .;C:\Program Files\Java\jdk-25\bin;C:\WINDOWS\SYSTEM32;C:\Program Files\Avast Software\Avast;C:\WINDOWS\WinSxS\amd64_microsoft.windows.common-controls_6595b64144ccf1df_6.0.26100.8457_none_3e0b2faee331e92d;C:\Program Files\Java\jdk-25\bin\server

VM Arguments:
java_command: simandi.ui.jframes.login
java_class_path (initial): D:\Tugas Kuliah\simandi\target\classes;C:\Users\Lenovo\.m2\repository\org\mongodb\mongodb-driver-sync\5.0.0\mongodb-driver-sync-5.0.0.jar;C:\Users\Lenovo\.m2\repository\org\mongodb\bson\5.0.0\bson-5.0.0.jar;C:\Users\Lenovo\.m2\repository\org\mongodb\mongodb-driver-core\5.0.0\mongodb-driver-core-5.0.0.jar;C:\Users\Lenovo\.m2\repository\org\mongodb\bson-record-codec\5.0.0\bson-record-codec-5.0.0.jar;C:\Users\Lenovo\.m2\repository\com\fazecast\jSerialComm\2.10.4\jSerialComm-2.10.4.jar;C:\Users\Lenovo\.m2\repository\org\netbeans\external\AbsoluteLayout\RELEASE270\AbsoluteLayout-RELEASE270.jar
Launcher Type: SUN_STANDARD

[Global flags]
     intx CICompilerCount                          = 4                                         {product} {ergonomic}
     uint ConcGCThreads                            = 2                                         {product} {ergonomic}
     uint G1ConcRefinementThreads                  = 8                                         {product} {ergonomic}
   size_t G1HeapRegionSize                         = 1048576                                   {product} {ergonomic}
   size_t InitialHeapSize                          = 96468992                                  {product} {ergonomic}
   size_t MarkStackSize                            = 4194304                                   {product} {ergonomic}
   size_t MarkStackSizeMax                         = 536870912                                 {product} {ergonomic}
   size_t MaxHeapSize                              = 1541406720                                {product} {ergonomic}
   size_t MinHeapDeltaBytes                        = 1048576                                   {product} {ergonomic}
   size_t MinHeapSize                              = 8388608                                   {product} {ergonomic}
    uintx NonNMethodCodeHeapSize                   = 5832704                                {pd product} {ergonomic}
    uintx NonProfiledCodeHeapSize                  = 122945536                              {pd product} {ergonomic}
    uintx ProfiledCodeHeapSize                     = 122880000                              {pd product} {ergonomic}
    uintx ReservedCodeCacheSize                    = 251658240                              {pd product} {ergonomic}
     bool SegmentedCodeCache                       = true                                      {product} {ergonomic}
   size_t SoftMaxHeapSize                          = 1541406720                             {manageable} {ergonomic}
     bool UseCompressedOops                        = true                           {product lp64_product} {ergonomic}
     bool UseG1GC                                  = true                                      {product} {ergonomic}
     bool UseLargePagesIndividualAllocation        = false                                  {pd product} {ergonomic}

Logging:
Log output configuration:
 #0: stdout all=warning uptime,level,tags foldmultilines=false
 #1: stderr all=off uptime,level,tags foldmultilines=false

Release file:
<release file has not been read>
Environment Variables:
JAVA_HOME=C:\Program Files\Java\jdk-25
PATH=C:\Program Files\Common Files\Oracle\Java\javapath;C:\WINDOWS\system32;C:\WINDOWS;C:\WINDOWS\System32\Wbem;C:\WINDOWS\System32\WindowsPowerShell\v1.0\;C:\WINDOWS\System32\OpenSSH\;C:\Program Files\MATLAB\R2013a\runtime\win64;C:\Program Files\MATLAB\R2013a\bin;C:\Program Files\Git\cmd;C:\Program Files\Java\jdk-17;C:\Program Files\Java\jdk-25;D:\;C:\Users\Lenovo\AppData\Local\Programs\Python\Python313\Scripts\;C:\Users\Lenovo\AppData\Local\Programs\Python\Python313\;C:\Users\Lenovo\AppData\Local\Programs\Python\Launcher\;C:\Users\Lenovo\AppData\Local\Microsoft\WindowsApps;C:\Users\Lenovo\AppData\Local\Programs\Microsoft VS Code\bin;C:\Program Files\heroku\bin;C:\Users\Lenovo\AppData\Roaming\npm
USERNAME=Lenovo
OS=Windows_NT
PROCESSOR_IDENTIFIER=AMD64 Family 23 Model 160 Stepping 0, AuthenticAMD
TMP=C:\Users\Lenovo\AppData\Local\Temp
TEMP=C:\Users\Lenovo\AppData\Local\Temp




Compilation memory statistics disabled.

Periodic native trim disabled

---------------  S Y S T E M  ---------------

OS:
 Windows 11 , 64 bit Build 26100 (10.0.26100.8328)
OS uptime: 5 days 5:40 hours
Hyper-V role detected

CPU: total 8 (initial active 8) (8 cores per cpu, 2 threads per core) family 23 model 160 stepping 0 microcode 0x8a0000b, cx8, cmov, fxsr, ht, mmx, 3dnowpref, sse, sse2, sse3, ssse3, sse4a, sse4.1, sse4.2, popcnt, lzcnt, tsc, tscinvbit, avx, avx2, aes, clmul, bmi1, bmi2, adx, sha, fma, vzeroupper, clflush, clflushopt, clwb, hv, rdtscp, rdpid, f16c
Processor Information for the first 8 processors :
  Max Mhz: 2401, Current Mhz: 2401, Mhz Limit: 2401

Memory: 4k page, system-wide physical 5877M (473M free)
TotalPageFile size 24309M (AvailPageFile size 9M)
current process WorkingSet (physical memory assigned to process): 14M, peak: 14M
current process commit charge ("private bytes"): 60M, peak: 152M

vm_info: Java HotSpot(TM) 64-Bit Server VM (25.0.1+8-LTS-27) for windows-amd64 JRE (25.0.1+8-LTS-27), built on 2025-09-25T16:41:16Z with unknown MS VC++:1943

END.
